mode: set
github.com/IBM/ibm-object-csi-driver-operator/controllers/ibmobjectcsi_controller.go:101.109,106.98 3 1
github.com/IBM/ibm-object-csi-driver-operator/controllers/ibmobjectcsi_controller.go:106.98,110.3 2 0
github.com/IBM/ibm-object-csi-driver-operator/controllers/ibmobjectcsi_controller.go:111.2,116.16 4 1
github.com/IBM/ibm-object-csi-driver-operator/controllers/ibmobjectcsi_controller.go:116.16,117.29 1 1
github.com/IBM/ibm-object-csi-driver-operator/controllers/ibmobjectcsi_controller.go:117.29,120.4 1 1
github.com/IBM/ibm-object-csi-driver-operator/controllers/ibmobjectcsi_controller.go:122.3,122.33 1 1
github.com/IBM/ibm-object-csi-driver-operator/controllers/ibmobjectcsi_controller.go:126.2,128.44 2 1
github.com/IBM/ibm-object-csi-driver-operator/controllers/ibmobjectcsi_controller.go:128.44,130.3 1 1
github.com/IBM/ibm-object-csi-driver-operator/controllers/ibmobjectcsi_controller.go:132.2,133.22 2 1
github.com/IBM/ibm-object-csi-driver-operator/controllers/ibmobjectcsi_controller.go:133.22,135.3 1 1
github.com/IBM/ibm-object-csi-driver-operator/controllers/ibmobjectcsi_controller.go:136.2,140.47 3 1
github.com/IBM/ibm-object-csi-driver-operator/controllers/ibmobjectcsi_controller.go:140.47,141.63 1 1
github.com/IBM/ibm-object-csi-driver-operator/controllers/ibmobjectcsi_controller.go:141.63,143.4 1 1
github.com/IBM/ibm-object-csi-driver-operator/controllers/ibmobjectcsi_controller.go:145.3,145.56 1 1
github.com/IBM/ibm-object-csi-driver-operator/controllers/ibmobjectcsi_controller.go:145.56,147.4 1 1
github.com/IBM/ibm-object-csi-driver-operator/controllers/ibmobjectcsi_controller.go:149.3,149.58 1 1
github.com/IBM/ibm-object-csi-driver-operator/controllers/ibmobjectcsi_controller.go:149.58,151.4 1 1
github.com/IBM/ibm-object-csi-driver-operator/controllers/ibmobjectcsi_controller.go:153.3,153.53 1 1
github.com/IBM/ibm-object-csi-driver-operator/controllers/ibmobjectcsi_controller.go:153.53,155.4 1 1
github.com/IBM/ibm-object-csi-driver-operator/controllers/ibmobjectcsi_controller.go:157.3,157.62 1 1
github.com/IBM/ibm-object-csi-driver-operator/controllers/ibmobjectcsi_controller.go:157.62,159.4 1 1
github.com/IBM/ibm-object-csi-driver-operator/controllers/ibmobjectcsi_controller.go:161.3,162.45 1 1
github.com/IBM/ibm-object-csi-driver-operator/controllers/ibmobjectcsi_controller.go:162.45,164.4 1 0
github.com/IBM/ibm-object-csi-driver-operator/controllers/ibmobjectcsi_controller.go:165.3,165.33 1 1
github.com/IBM/ibm-object-csi-driver-operator/controllers/ibmobjectcsi_controller.go:167.2,172.16 4 1
github.com/IBM/ibm-object-csi-driver-operator/controllers/ibmobjectcsi_controller.go:172.16,173.29 1 1
github.com/IBM/ibm-object-csi-driver-operator/controllers/ibmobjectcsi_controller.go:173.29,176.4 2 1
github.com/IBM/ibm-object-csi-driver-operator/controllers/ibmobjectcsi_controller.go:177.3,179.33 2 0
github.com/IBM/ibm-object-csi-driver-operator/controllers/ibmobjectcsi_controller.go:182.2,182.110 1 1
github.com/IBM/ibm-object-csi-driver-operator/controllers/ibmobjectcsi_controller.go:182.110,186.17 3 1
github.com/IBM/ibm-object-csi-driver-operator/controllers/ibmobjectcsi_controller.go:186.17,189.4 2 0
github.com/IBM/ibm-object-csi-driver-operator/controllers/ibmobjectcsi_controller.go:190.3,191.33 2 1
github.com/IBM/ibm-object-csi-driver-operator/controllers/ibmobjectcsi_controller.go:195.2,200.4 1 1
github.com/IBM/ibm-object-csi-driver-operator/controllers/ibmobjectcsi_controller.go:200.4,201.38 1 1
github.com/IBM/ibm-object-csi-driver-operator/controllers/ibmobjectcsi_controller.go:201.38,203.4 1 1
github.com/IBM/ibm-object-csi-driver-operator/controllers/ibmobjectcsi_controller.go:207.2,208.74 2 1
github.com/IBM/ibm-object-csi-driver-operator/controllers/ibmobjectcsi_controller.go:208.74,210.3 1 0
github.com/IBM/ibm-object-csi-driver-operator/controllers/ibmobjectcsi_controller.go:212.2,213.68 2 1
github.com/IBM/ibm-object-csi-driver-operator/controllers/ibmobjectcsi_controller.go:213.68,215.3 1 0
github.com/IBM/ibm-object-csi-driver-operator/controllers/ibmobjectcsi_controller.go:217.2,217.64 1 1
github.com/IBM/ibm-object-csi-driver-operator/controllers/ibmobjectcsi_controller.go:217.64,219.3 1 1
github.com/IBM/ibm-object-csi-driver-operator/controllers/ibmobjectcsi_controller.go:221.2,221.59 1 1
github.com/IBM/ibm-object-csi-driver-operator/controllers/ibmobjectcsi_controller.go:221.59,223.3 1 1
github.com/IBM/ibm-object-csi-driver-operator/controllers/ibmobjectcsi_controller.go:225.2,225.65 1 1
github.com/IBM/ibm-object-csi-driver-operator/controllers/ibmobjectcsi_controller.go:225.65,227.3 1 1
github.com/IBM/ibm-object-csi-driver-operator/controllers/ibmobjectcsi_controller.go:230.2,230.32 1 1
github.com/IBM/ibm-object-csi-driver-operator/controllers/ibmobjectcsi_controller.go:234.124,241.16 5 0
github.com/IBM/ibm-object-csi-driver-operator/controllers/ibmobjectcsi_controller.go:241.16,242.29 1 0
github.com/IBM/ibm-object-csi-driver-operator/controllers/ibmobjectcsi_controller.go:242.29,245.4 2 0
github.com/IBM/ibm-object-csi-driver-operator/controllers/ibmobjectcsi_controller.go:246.3,248.33 2 0
github.com/IBM/ibm-object-csi-driver-operator/controllers/ibmobjectcsi_controller.go:252.2,258.16 3 0
github.com/IBM/ibm-object-csi-driver-operator/controllers/ibmobjectcsi_controller.go:258.16,261.3 2 0
github.com/IBM/ibm-object-csi-driver-operator/controllers/ibmobjectcsi_controller.go:262.2,264.101 2 0
github.com/IBM/ibm-object-csi-driver-operator/controllers/ibmobjectcsi_controller.go:264.101,268.17 3 0
github.com/IBM/ibm-object-csi-driver-operator/controllers/ibmobjectcsi_controller.go:268.17,271.4 2 0
github.com/IBM/ibm-object-csi-driver-operator/controllers/ibmobjectcsi_controller.go:272.3,273.33 2 0
github.com/IBM/ibm-object-csi-driver-operator/controllers/ibmobjectcsi_controller.go:275.2,276.32 2 0
github.com/IBM/ibm-object-csi-driver-operator/controllers/ibmobjectcsi_controller.go:279.141,283.16 3 1
github.com/IBM/ibm-object-csi-driver-operator/controllers/ibmobjectcsi_controller.go:283.16,285.3 1 0
github.com/IBM/ibm-object-csi-driver-operator/controllers/ibmobjectcsi_controller.go:287.2,288.16 2 1
github.com/IBM/ibm-object-csi-driver-operator/controllers/ibmobjectcsi_controller.go:288.16,290.3 1 0
github.com/IBM/ibm-object-csi-driver-operator/controllers/ibmobjectcsi_controller.go:292.2,295.66 4 1
github.com/IBM/ibm-object-csi-driver-operator/controllers/ibmobjectcsi_controller.go:295.66,297.3 1 1
github.com/IBM/ibm-object-csi-driver-operator/controllers/ibmobjectcsi_controller.go:297.8,298.39 1 1
github.com/IBM/ibm-object-csi-driver-operator/controllers/ibmobjectcsi_controller.go:298.39,300.18 2 1
github.com/IBM/ibm-object-csi-driver-operator/controllers/ibmobjectcsi_controller.go:300.18,303.5 2 0
github.com/IBM/ibm-object-csi-driver-operator/controllers/ibmobjectcsi_controller.go:305.4,305.69 1 1
github.com/IBM/ibm-object-csi-driver-operator/controllers/ibmobjectcsi_controller.go:305.69,306.109 1 1
github.com/IBM/ibm-object-csi-driver-operator/controllers/ibmobjectcsi_controller.go:306.109,308.6 1 0
github.com/IBM/ibm-object-csi-driver-operator/controllers/ibmobjectcsi_controller.go:311.3,311.51 1 1
github.com/IBM/ibm-object-csi-driver-operator/controllers/ibmobjectcsi_controller.go:313.2,316.57 3 1
github.com/IBM/ibm-object-csi-driver-operator/controllers/ibmobjectcsi_controller.go:316.57,319.18 3 1
github.com/IBM/ibm-object-csi-driver-operator/controllers/ibmobjectcsi_controller.go:319.18,321.4 1 1
github.com/IBM/ibm-object-csi-driver-operator/controllers/ibmobjectcsi_controller.go:324.2,324.12 1 1
github.com/IBM/ibm-object-csi-driver-operator/controllers/ibmobjectcsi_controller.go:328.76,334.2 3 1
github.com/IBM/ibm-object-csi-driver-operator/controllers/ibmobjectcsi_controller.go:336.113,340.16 4 1
github.com/IBM/ibm-object-csi-driver-operator/controllers/ibmobjectcsi_controller.go:340.16,342.3 1 1
github.com/IBM/ibm-object-csi-driver-operator/controllers/ibmobjectcsi_controller.go:344.2,344.37 1 1
github.com/IBM/ibm-object-csi-driver-operator/controllers/ibmobjectcsi_controller.go:344.37,345.61 1 1
github.com/IBM/ibm-object-csi-driver-operator/controllers/ibmobjectcsi_controller.go:345.61,347.4 1 1
github.com/IBM/ibm-object-csi-driver-operator/controllers/ibmobjectcsi_controller.go:350.2,351.17 2 0
github.com/IBM/ibm-object-csi-driver-operator/controllers/ibmobjectcsi_controller.go:354.129,358.53 4 1
github.com/IBM/ibm-object-csi-driver-operator/controllers/ibmobjectcsi_controller.go:358.53,360.3 1 1
github.com/IBM/ibm-object-csi-driver-operator/controllers/ibmobjectcsi_controller.go:361.2,361.49 1 1
github.com/IBM/ibm-object-csi-driver-operator/controllers/ibmobjectcsi_controller.go:361.49,365.34 3 1
github.com/IBM/ibm-object-csi-driver-operator/controllers/ibmobjectcsi_controller.go:365.34,369.4 2 1
github.com/IBM/ibm-object-csi-driver-operator/controllers/ibmobjectcsi_controller.go:371.2,371.13 1 1
github.com/IBM/ibm-object-csi-driver-operator/controllers/ibmobjectcsi_controller.go:374.88,376.2 1 1
github.com/IBM/ibm-object-csi-driver-operator/controllers/ibmobjectcsi_controller.go:378.75,380.2 1 1
github.com/IBM/ibm-object-csi-driver-operator/controllers/ibmobjectcsi_controller.go:382.110,389.2 3 1
github.com/IBM/ibm-object-csi-driver-operator/controllers/ibmobjectcsi_controller.go:391.118,398.2 3 1
github.com/IBM/ibm-object-csi-driver-operator/controllers/ibmobjectcsi_controller.go:400.100,403.2 2 1
github.com/IBM/ibm-object-csi-driver-operator/controllers/ibmobjectcsi_controller.go:405.96,412.2 6 1
github.com/IBM/ibm-object-csi-driver-operator/controllers/ibmobjectcsi_controller.go:414.93,417.2 2 1
github.com/IBM/ibm-object-csi-driver-operator/controllers/ibmobjectcsi_controller.go:419.96,431.4 6 1
github.com/IBM/ibm-object-csi-driver-operator/controllers/ibmobjectcsi_controller.go:431.4,432.96 1 1
github.com/IBM/ibm-object-csi-driver-operator/controllers/ibmobjectcsi_controller.go:432.96,434.4 1 0
github.com/IBM/ibm-object-csi-driver-operator/controllers/ibmobjectcsi_controller.go:435.3,440.43 3 1
github.com/IBM/ibm-object-csi-driver-operator/controllers/ibmobjectcsi_controller.go:440.43,443.18 3 1
github.com/IBM/ibm-object-csi-driver-operator/controllers/ibmobjectcsi_controller.go:443.18,445.5 1 1
github.com/IBM/ibm-object-csi-driver-operator/controllers/ibmobjectcsi_controller.go:447.4,448.18 2 1
github.com/IBM/ibm-object-csi-driver-operator/controllers/ibmobjectcsi_controller.go:448.18,450.5 1 0
github.com/IBM/ibm-object-csi-driver-operator/controllers/ibmobjectcsi_controller.go:452.4,452.47 1 1
github.com/IBM/ibm-object-csi-driver-operator/controllers/ibmobjectcsi_controller.go:452.47,454.20 2 1
github.com/IBM/ibm-object-csi-driver-operator/controllers/ibmobjectcsi_controller.go:454.20,456.6 1 1
github.com/IBM/ibm-object-csi-driver-operator/controllers/ibmobjectcsi_controller.go:458.4,458.41 1 1
github.com/IBM/ibm-object-csi-driver-operator/controllers/ibmobjectcsi_controller.go:458.41,464.20 4 1
github.com/IBM/ibm-object-csi-driver-operator/controllers/ibmobjectcsi_controller.go:464.20,466.6 1 0
github.com/IBM/ibm-object-csi-driver-operator/controllers/ibmobjectcsi_controller.go:468.9,468.24 1 1
github.com/IBM/ibm-object-csi-driver-operator/controllers/ibmobjectcsi_controller.go:468.24,471.4 2 1
github.com/IBM/ibm-object-csi-driver-operator/controllers/ibmobjectcsi_controller.go:471.9,473.4 1 1
github.com/IBM/ibm-object-csi-driver-operator/controllers/ibmobjectcsi_controller.go:476.2,476.12 1 1
github.com/IBM/ibm-object-csi-driver-operator/controllers/ibmobjectcsi_controller.go:479.83,484.2 4 1
github.com/IBM/ibm-object-csi-driver-operator/controllers/ibmobjectcsi_controller.go:486.113,488.16 2 1
github.com/IBM/ibm-object-csi-driver-operator/controllers/ibmobjectcsi_controller.go:488.16,490.3 1 0
github.com/IBM/ibm-object-csi-driver-operator/controllers/ibmobjectcsi_controller.go:492.2,498.16 4 1
github.com/IBM/ibm-object-csi-driver-operator/controllers/ibmobjectcsi_controller.go:498.16,499.29 1 1
github.com/IBM/ibm-object-csi-driver-operator/controllers/ibmobjectcsi_controller.go:499.29,501.4 1 0
github.com/IBM/ibm-object-csi-driver-operator/controllers/ibmobjectcsi_controller.go:502.3,503.13 2 1
github.com/IBM/ibm-object-csi-driver-operator/controllers/ibmobjectcsi_controller.go:506.2,506.90 1 1
github.com/IBM/ibm-object-csi-driver-operator/controllers/ibmobjectcsi_controller.go:509.91,515.16 5 1
github.com/IBM/ibm-object-csi-driver-operator/controllers/ibmobjectcsi_controller.go:515.16,516.29 1 1
github.com/IBM/ibm-object-csi-driver-operator/controllers/ibmobjectcsi_controller.go:516.29,519.18 3 1
github.com/IBM/ibm-object-csi-driver-operator/controllers/ibmobjectcsi_controller.go:519.18,521.5 1 1
github.com/IBM/ibm-object-csi-driver-operator/controllers/ibmobjectcsi_controller.go:522.4,523.14 2 1
github.com/IBM/ibm-object-csi-driver-operator/controllers/ibmobjectcsi_controller.go:525.3,526.13 2 1
github.com/IBM/ibm-object-csi-driver-operator/controllers/ibmobjectcsi_controller.go:528.2,529.12 2 1
github.com/IBM/ibm-object-csi-driver-operator/controllers/ibmobjectcsi_controller.go:532.88,541.16 5 1
github.com/IBM/ibm-object-csi-driver-operator/controllers/ibmobjectcsi_controller.go:541.16,543.57 2 1
github.com/IBM/ibm-object-csi-driver-operator/controllers/ibmobjectcsi_controller.go:543.57,546.4 2 1
github.com/IBM/ibm-object-csi-driver-operator/controllers/ibmobjectcsi_controller.go:547.8,547.35 1 1
github.com/IBM/ibm-object-csi-driver-operator/controllers/ibmobjectcsi_controller.go:547.35,549.3 1 1
github.com/IBM/ibm-object-csi-driver-operator/controllers/ibmobjectcsi_controller.go:549.8,552.3 2 1
github.com/IBM/ibm-object-csi-driver-operator/controllers/ibmobjectcsi_controller.go:553.2,553.12 1 0
github.com/IBM/ibm-object-csi-driver-operator/controllers/ibmobjectcsi_controller.go:556.100,559.36 2 1
github.com/IBM/ibm-object-csi-driver-operator/controllers/ibmobjectcsi_controller.go:559.36,562.3 2 1
github.com/IBM/ibm-object-csi-driver-operator/controllers/ibmobjectcsi_controller.go:564.2,570.42 4 1
github.com/IBM/ibm-object-csi-driver-operator/controllers/ibmobjectcsi_controller.go:570.42,572.59 2 1
github.com/IBM/ibm-object-csi-driver-operator/controllers/ibmobjectcsi_controller.go:572.59,575.4 2 1
github.com/IBM/ibm-object-csi-driver-operator/controllers/ibmobjectcsi_controller.go:576.3,576.13 1 1
github.com/IBM/ibm-object-csi-driver-operator/controllers/ibmobjectcsi_controller.go:577.8,577.23 1 1
github.com/IBM/ibm-object-csi-driver-operator/controllers/ibmobjectcsi_controller.go:577.23,580.3 2 1
github.com/IBM/ibm-object-csi-driver-operator/controllers/ibmobjectcsi_controller.go:583.2,586.56 4 1
github.com/IBM/ibm-object-csi-driver-operator/controllers/ibmobjectcsi_controller.go:586.56,589.3 2 1
github.com/IBM/ibm-object-csi-driver-operator/controllers/ibmobjectcsi_controller.go:590.2,590.12 1 1
github.com/IBM/ibm-object-csi-driver-operator/controllers/ibmobjectcsi_controller.go:593.97,601.16 4 1
github.com/IBM/ibm-object-csi-driver-operator/controllers/ibmobjectcsi_controller.go:601.16,602.29 1 1
github.com/IBM/ibm-object-csi-driver-operator/controllers/ibmobjectcsi_controller.go:602.29,604.4 1 1
github.com/IBM/ibm-object-csi-driver-operator/controllers/ibmobjectcsi_controller.go:605.3,606.13 2 1
github.com/IBM/ibm-object-csi-driver-operator/controllers/ibmobjectcsi_controller.go:609.2,610.56 2 1
github.com/IBM/ibm-object-csi-driver-operator/controllers/ibmobjectcsi_controller.go:610.56,613.3 2 1
github.com/IBM/ibm-object-csi-driver-operator/controllers/ibmobjectcsi_controller.go:614.2,614.12 1 1
github.com/IBM/ibm-object-csi-driver-operator/controllers/ibmobjectcsi_controller.go:617.98,620.2 2 1
github.com/IBM/ibm-object-csi-driver-operator/controllers/ibmobjectcsi_controller.go:622.93,625.2 2 1
github.com/IBM/ibm-object-csi-driver-operator/controllers/ibmobjectcsi_controller.go:627.118,637.2 4 1
github.com/IBM/ibm-object-csi-driver-operator/controllers/ibmobjectcsi_controller.go:639.110,647.67 6 1
github.com/IBM/ibm-object-csi-driver-operator/controllers/ibmobjectcsi_controller.go:647.67,653.26 5 1
github.com/IBM/ibm-object-csi-driver-operator/controllers/ibmobjectcsi_controller.go:653.26,654.30 1 0
github.com/IBM/ibm-object-csi-driver-operator/controllers/ibmobjectcsi_controller.go:654.30,655.39 1 0
github.com/IBM/ibm-object-csi-driver-operator/controllers/ibmobjectcsi_controller.go:655.39,674.6 4 0
github.com/IBM/ibm-object-csi-driver-operator/controllers/ibmobjectcsi_controller.go:678.3,678.35 1 1
github.com/IBM/ibm-object-csi-driver-operator/controllers/ibmobjectcsi_controller.go:679.8,683.3 3 1
github.com/IBM/ibm-object-csi-driver-operator/controllers/ibmobjectcsi_controller.go:684.2,685.28 2 1
github.com/IBM/ibm-object-csi-driver-operator/controllers/ibmobjectcsi_controller.go:685.28,686.37 1 1
github.com/IBM/ibm-object-csi-driver-operator/controllers/ibmobjectcsi_controller.go:686.37,703.4 4 1
github.com/IBM/ibm-object-csi-driver-operator/controllers/ibmobjectcsi_controller.go:705.2,705.15 1 1
github.com/IBM/ibm-object-csi-driver-operator/controllers/ibmobjectcsi_controller.go:708.91,711.2 2 1
github.com/IBM/ibm-object-csi-driver-operator/controllers/ibmobjectcsi_controller.go:713.104,723.2 4 1
github.com/IBM/ibm-object-csi-driver-operator/controllers/ibmobjectcsi_controller.go:725.115,728.65 2 1
github.com/IBM/ibm-object-csi-driver-operator/controllers/ibmobjectcsi_controller.go:728.65,729.55 1 0
github.com/IBM/ibm-object-csi-driver-operator/controllers/ibmobjectcsi_controller.go:729.55,732.4 2 0
github.com/IBM/ibm-object-csi-driver-operator/controllers/ibmobjectcsi_controller.go:734.2,734.68 1 1
github.com/IBM/ibm-object-csi-driver-operator/controllers/ibmobjectcsi_controller.go:734.68,735.58 1 0
github.com/IBM/ibm-object-csi-driver-operator/controllers/ibmobjectcsi_controller.go:735.58,738.4 2 0
github.com/IBM/ibm-object-csi-driver-operator/controllers/ibmobjectcsi_controller.go:740.2,740.63 1 1
github.com/IBM/ibm-object-csi-driver-operator/controllers/ibmobjectcsi_controller.go:740.63,741.53 1 0
github.com/IBM/ibm-object-csi-driver-operator/controllers/ibmobjectcsi_controller.go:741.53,744.4 2 0
github.com/IBM/ibm-object-csi-driver-operator/controllers/ibmobjectcsi_controller.go:746.2,746.66 1 1
github.com/IBM/ibm-object-csi-driver-operator/controllers/ibmobjectcsi_controller.go:746.66,747.56 1 0
github.com/IBM/ibm-object-csi-driver-operator/controllers/ibmobjectcsi_controller.go:747.56,750.4 2 0
github.com/IBM/ibm-object-csi-driver-operator/controllers/ibmobjectcsi_controller.go:753.2,753.62 1 1
github.com/IBM/ibm-object-csi-driver-operator/controllers/ibmobjectcsi_controller.go:753.62,754.50 1 1
github.com/IBM/ibm-object-csi-driver-operator/controllers/ibmobjectcsi_controller.go:754.50,757.4 2 1
github.com/IBM/ibm-object-csi-driver-operator/controllers/ibmobjectcsi_controller.go:760.2,760.73 1 1
github.com/IBM/ibm-object-csi-driver-operator/controllers/ibmobjectcsi_controller.go:760.73,761.61 1 1
github.com/IBM/ibm-object-csi-driver-operator/controllers/ibmobjectcsi_controller.go:761.61,764.4 2 1
github.com/IBM/ibm-object-csi-driver-operator/controllers/ibmobjectcsi_controller.go:765.3,765.100 1 1
github.com/IBM/ibm-object-csi-driver-operator/controllers/ibmobjectcsi_controller.go:765.100,768.4 2 1
github.com/IBM/ibm-object-csi-driver-operator/controllers/ibmobjectcsi_controller.go:770.2,770.25 1 1
github.com/IBM/ibm-object-csi-driver-operator/controllers/ibmobjectcsi_controller.go:774.75,783.2 1 1
github.com/IBM/ibm-object-csi-driver-operator/controllers/ibmobjectcsi_controller.go:785.47,788.46 2 1
github.com/IBM/ibm-object-csi-driver-operator/controllers/ibmobjectcsi_controller.go:788.46,790.112 2 0
github.com/IBM/ibm-object-csi-driver-operator/controllers/ibmobjectcsi_controller.go:790.112,793.5 2 0
github.com/IBM/ibm-object-csi-driver-operator/controllers/ibmobjectcsi_controller.go:794.4,794.16 1 0
github.com/IBM/ibm-object-csi-driver-operator/controllers/ibmobjectcsi_controller.go:796.46,798.112 2 0
github.com/IBM/ibm-object-csi-driver-operator/controllers/ibmobjectcsi_controller.go:798.112,801.5 2 0
github.com/IBM/ibm-object-csi-driver-operator/controllers/ibmobjectcsi_controller.go:802.4,802.16 1 0
github.com/IBM/ibm-object-csi-driver-operator/controllers/ibmobjectcsi_controller.go:804.44,806.4 1 0
github.com/IBM/ibm-object-csi-driver-operator/controllers/ibmobjectcsi_controller.go:807.46,809.4 1 0
github.com/IBM/ibm-object-csi-driver-operator/controllers/ibmobjectcsi_controller.go:811.2,811.25 1 1
github.com/IBM/ibm-object-csi-driver-operator/controllers/logParser.go:17.40,22.23 3 1
github.com/IBM/ibm-object-csi-driver-operator/controllers/logParser.go:22.23,34.3 5 1
github.com/IBM/ibm-object-csi-driver-operator/controllers/logParser.go:36.2,36.12 1 0
github.com/IBM/ibm-object-csi-driver-operator/controllers/logParser.go:39.54,44.27 3 1
github.com/IBM/ibm-object-csi-driver-operator/controllers/logParser.go:44.27,47.22 2 1
github.com/IBM/ibm-object-csi-driver-operator/controllers/logParser.go:47.22,53.25 4 1
github.com/IBM/ibm-object-csi-driver-operator/controllers/logParser.go:53.25,57.30 3 1
github.com/IBM/ibm-object-csi-driver-operator/controllers/logParser.go:57.30,64.6 4 1
github.com/IBM/ibm-object-csi-driver-operator/controllers/logParser.go:69.2,69.21 1 1
github.com/IBM/ibm-object-csi-driver-operator/controllers/recoverstalevolume_controller.go:72.110,79.16 5 1
github.com/IBM/ibm-object-csi-driver-operator/controllers/recoverstalevolume_controller.go:79.16,80.29 1 1
github.com/IBM/ibm-object-csi-driver-operator/controllers/recoverstalevolume_controller.go:80.29,83.4 2 1
github.com/IBM/ibm-object-csi-driver-operator/controllers/recoverstalevolume_controller.go:85.3,86.28 2 1
github.com/IBM/ibm-object-csi-driver-operator/controllers/recoverstalevolume_controller.go:89.2,90.23 2 1
github.com/IBM/ibm-object-csi-driver-operator/controllers/recoverstalevolume_controller.go:90.23,92.3 1 1
github.com/IBM/ibm-object-csi-driver-operator/controllers/recoverstalevolume_controller.go:93.2,95.42 2 1
github.com/IBM/ibm-object-csi-driver-operator/controllers/recoverstalevolume_controller.go:95.42,107.28 5 1
github.com/IBM/ibm-object-csi-driver-operator/controllers/recoverstalevolume_controller.go:107.28,109.18 2 1
github.com/IBM/ibm-object-csi-driver-operator/controllers/recoverstalevolume_controller.go:109.18,112.5 2 1
github.com/IBM/ibm-object-csi-driver-operator/controllers/recoverstalevolume_controller.go:114.4,115.46 2 1
github.com/IBM/ibm-object-csi-driver-operator/controllers/recoverstalevolume_controller.go:115.46,117.5 1 1
github.com/IBM/ibm-object-csi-driver-operator/controllers/recoverstalevolume_controller.go:118.4,118.26 1 1
github.com/IBM/ibm-object-csi-driver-operator/controllers/recoverstalevolume_controller.go:121.3,122.17 2 1
github.com/IBM/ibm-object-csi-driver-operator/controllers/recoverstalevolume_controller.go:122.17,124.4 1 1
github.com/IBM/ibm-object-csi-driver-operator/controllers/recoverstalevolume_controller.go:125.3,125.33 1 1
github.com/IBM/ibm-object-csi-driver-operator/controllers/recoverstalevolume_controller.go:125.33,127.4 1 1
github.com/IBM/ibm-object-csi-driver-operator/controllers/recoverstalevolume_controller.go:128.3,133.17 4 1
github.com/IBM/ibm-object-csi-driver-operator/controllers/recoverstalevolume_controller.go:133.17,135.4 1 1
github.com/IBM/ibm-object-csi-driver-operator/controllers/recoverstalevolume_controller.go:136.3,139.32 2 1
github.com/IBM/ibm-object-csi-driver-operator/controllers/recoverstalevolume_controller.go:139.32,141.12 2 1
github.com/IBM/ibm-object-csi-driver-operator/controllers/recoverstalevolume_controller.go:144.3,161.17 5 1
github.com/IBM/ibm-object-csi-driver-operator/controllers/recoverstalevolume_controller.go:161.17,164.4 2 1
github.com/IBM/ibm-object-csi-driver-operator/controllers/recoverstalevolume_controller.go:165.3,168.44 2 1
github.com/IBM/ibm-object-csi-driver-operator/controllers/recoverstalevolume_controller.go:168.44,170.52 2 1
github.com/IBM/ibm-object-csi-driver-operator/controllers/recoverstalevolume_controller.go:170.52,174.45 3 1
github.com/IBM/ibm-object-csi-driver-operator/controllers/recoverstalevolume_controller.go:174.45,176.27 2 1
github.com/IBM/ibm-object-csi-driver-operator/controllers/recoverstalevolume_controller.go:176.27,179.43 2 1
github.com/IBM/ibm-object-csi-driver-operator/controllers/recoverstalevolume_controller.go:179.43,183.15 4 1
github.com/IBM/ibm-object-csi-driver-operator/controllers/recoverstalevolume_controller.go:183.15,185.9 1 1
github.com/IBM/ibm-object-csi-driver-operator/controllers/recoverstalevolume_controller.go:187.8,189.15 3 1
github.com/IBM/ibm-object-csi-driver-operator/controllers/recoverstalevolume_controller.go:189.15,191.9 1 1
github.com/IBM/ibm-object-csi-driver-operator/controllers/recoverstalevolume_controller.go:193.8,193.44 1 1
github.com/IBM/ibm-object-csi-driver-operator/controllers/recoverstalevolume_controller.go:193.44,195.9 1 1
github.com/IBM/ibm-object-csi-driver-operator/controllers/recoverstalevolume_controller.go:197.8,200.53 3 1
github.com/IBM/ibm-object-csi-driver-operator/controllers/recoverstalevolume_controller.go:206.3,211.17 4 1
github.com/IBM/ibm-object-csi-driver-operator/controllers/recoverstalevolume_controller.go:211.17,214.4 2 1
github.com/IBM/ibm-object-csi-driver-operator/controllers/recoverstalevolume_controller.go:215.3,217.37 2 1
github.com/IBM/ibm-object-csi-driver-operator/controllers/recoverstalevolume_controller.go:217.37,219.81 2 1
github.com/IBM/ibm-object-csi-driver-operator/controllers/recoverstalevolume_controller.go:219.81,221.5 1 1
github.com/IBM/ibm-object-csi-driver-operator/controllers/recoverstalevolume_controller.go:223.3,226.34 2 1
github.com/IBM/ibm-object-csi-driver-operator/controllers/recoverstalevolume_controller.go:226.34,227.12 1 1
github.com/IBM/ibm-object-csi-driver-operator/controllers/recoverstalevolume_controller.go:230.3,230.59 1 1
github.com/IBM/ibm-object-csi-driver-operator/controllers/recoverstalevolume_controller.go:230.59,234.18 2 1
github.com/IBM/ibm-object-csi-driver-operator/controllers/recoverstalevolume_controller.go:234.18,236.5 1 1
github.com/IBM/ibm-object-csi-driver-operator/controllers/recoverstalevolume_controller.go:237.4,239.45 2 1
github.com/IBM/ibm-object-csi-driver-operator/controllers/recoverstalevolume_controller.go:239.45,241.12 2 1
github.com/IBM/ibm-object-csi-driver-operator/controllers/recoverstalevolume_controller.go:241.12,242.14 1 0
github.com/IBM/ibm-object-csi-driver-operator/controllers/recoverstalevolume_controller.go:245.5,245.80 1 1
github.com/IBM/ibm-object-csi-driver-operator/controllers/recoverstalevolume_controller.go:245.80,248.38 2 1
github.com/IBM/ibm-object-csi-driver-operator/controllers/recoverstalevolume_controller.go:248.38,253.21 4 1
github.com/IBM/ibm-object-csi-driver-operator/controllers/recoverstalevolume_controller.go:253.21,254.34 1 1
github.com/IBM/ibm-object-csi-driver-operator/controllers/recoverstalevolume_controller.go:254.34,256.17 2 0
github.com/IBM/ibm-object-csi-driver-operator/controllers/recoverstalevolume_controller.go:258.8,259.33 2 1
github.com/IBM/ibm-object-csi-driver-operator/controllers/recoverstalevolume_controller.go:261.7,261.37 1 1
github.com/IBM/ibm-object-csi-driver-operator/controllers/recoverstalevolume_controller.go:268.2,268.68 1 1
github.com/IBM/ibm-object-csi-driver-operator/controllers/recoverstalevolume_controller.go:272.81,276.2 1 1
github.com/IBM/ibm-object-csi-driver-operator/controllers/recoverstalevolume_controller.go:278.104,282.16 3 1
github.com/IBM/ibm-object-csi-driver-operator/controllers/recoverstalevolume_controller.go:282.16,285.3 2 1
github.com/IBM/ibm-object-csi-driver-operator/controllers/recoverstalevolume_controller.go:287.2,289.36 2 1
github.com/IBM/ibm-object-csi-driver-operator/controllers/recoverstalevolume_controller.go:289.36,293.30 3 1
github.com/IBM/ibm-object-csi-driver-operator/controllers/recoverstalevolume_controller.go:293.30,295.12 2 1
github.com/IBM/ibm-object-csi-driver-operator/controllers/recoverstalevolume_controller.go:298.3,299.19 2 1
github.com/IBM/ibm-object-csi-driver-operator/controllers/recoverstalevolume_controller.go:299.19,301.12 2 1
github.com/IBM/ibm-object-csi-driver-operator/controllers/recoverstalevolume_controller.go:304.3,304.62 1 1
github.com/IBM/ibm-object-csi-driver-operator/controllers/recoverstalevolume_controller.go:304.62,306.4 1 1
github.com/IBM/ibm-object-csi-driver-operator/controllers/recoverstalevolume_controller.go:309.2,309.21 1 1
github.com/IBM/ibm-object-csi-driver-operator/controllers/recoverstalevolume_controller.go:313.42,318.32 3 1
github.com/IBM/ibm-object-csi-driver-operator/controllers/recoverstalevolume_controller.go:318.32,320.17 2 1
github.com/IBM/ibm-object-csi-driver-operator/controllers/recoverstalevolume_controller.go:320.17,321.30 1 1
github.com/IBM/ibm-object-csi-driver-operator/controllers/recoverstalevolume_controller.go:321.30,323.13 2 1
github.com/IBM/ibm-object-csi-driver-operator/controllers/recoverstalevolume_controller.go:325.4,326.19 2 1
github.com/IBM/ibm-object-csi-driver-operator/controllers/recoverstalevolume_controller.go:329.3,330.31 2 1
github.com/IBM/ibm-object-csi-driver-operator/controllers/recoverstalevolume_controller.go:330.31,332.25 2 1
github.com/IBM/ibm-object-csi-driver-operator/controllers/recoverstalevolume_controller.go:332.25,334.44 2 1
github.com/IBM/ibm-object-csi-driver-operator/controllers/recoverstalevolume_controller.go:334.44,336.11 2 1
github.com/IBM/ibm-object-csi-driver-operator/controllers/recoverstalevolume_controller.go:342.2,342.32 1 1
github.com/IBM/ibm-object-csi-driver-operator/controllers/recoverstalevolume_controller.go:345.51,347.16 2 1
github.com/IBM/ibm-object-csi-driver-operator/controllers/recoverstalevolume_controller.go:347.16,349.3 1 1
github.com/IBM/ibm-object-csi-driver-operator/controllers/recoverstalevolume_controller.go:351.2,352.16 2 0
github.com/IBM/ibm-object-csi-driver-operator/controllers/recoverstalevolume_controller.go:352.16,354.3 1 0
github.com/IBM/ibm-object-csi-driver-operator/controllers/recoverstalevolume_controller.go:356.2,358.8 1 0
github.com/IBM/ibm-object-csi-driver-operator/controllers/recoverstalevolume_controller.go:362.42,372.16 5 1
github.com/IBM/ibm-object-csi-driver-operator/controllers/recoverstalevolume_controller.go:372.16,374.3 1 1
github.com/IBM/ibm-object-csi-driver-operator/controllers/recoverstalevolume_controller.go:375.2,378.16 3 1
github.com/IBM/ibm-object-csi-driver-operator/controllers/recoverstalevolume_controller.go:378.16,380.3 1 0
github.com/IBM/ibm-object-csi-driver-operator/controllers/recoverstalevolume_controller.go:381.2,381.15 1 1
github.com/IBM/ibm-object-csi-driver-operator/controllers/recoverstalevolume_controller.go:381.15,382.45 1 1
github.com/IBM/ibm-object-csi-driver-operator/controllers/recoverstalevolume_controller.go:382.45,384.4 1 0
github.com/IBM/ibm-object-csi-driver-operator/controllers/recoverstalevolume_controller.go:387.2,389.16 3 1
github.com/IBM/ibm-object-csi-driver-operator/controllers/recoverstalevolume_controller.go:389.16,391.3 1 0
github.com/IBM/ibm-object-csi-driver-operator/controllers/recoverstalevolume_controller.go:392.2,394.12 2 1
github.com/IBM/ibm-object-csi-driver-operator/controllers/recoverstalevolume_controller.go:394.12,396.3 1 1
github.com/IBM/ibm-object-csi-driver-operator/controllers/recoverstalevolume_controller.go:398.2,398.42 1 1
github.com/IBM/ibm-object-csi-driver-operator/controllers/recoverstalevolume_controller.go:402.82,405.2 2 1
github.com/IBM/ibm-object-csi-driver-operator/controllers/test_variables.go:81.36,85.2 3 1
